    Checking gudra v0.0.0 (/home/arnav/gudra)
    Finished `dev` profile [unoptimized + debuginfo] target(s) in 0.30s
073f7c61fc488ca589efe602006aa67c9e75e478
NVIDIA (R) Compute Sanitizer
Copyright (c) 2020-2026 NVIDIA Corporation
Version 2026.3.0.0 (build 38637409) (public-release)
   Compiling gudra v0.0.0 (/home/arnav/gudra)
    Finished `dev` profile [unoptimized + debuginfo] target(s) in 1.66s
RUN gpu_jacobi: memcheck
========= COMPUTE-SANITIZER

running 8 tests
test blocking_steps_match_reference ... ok
test every_validation_role_leaves_output_unchanged_and_session_usable ... ok
test nonfinite_policy_matches_oracle_and_stated_classification ... ok
test owned_async_returns_usable_buffers_on_another_thread ... ok
test owned_job_can_be_dropped_before_or_after_first_poll ... ok
test readback_retains_allocation_until_copy_completes ... ok
test unusual_finite_coefficients_match_oracle ... ok
test validation_rejects_equal_area_wrong_extents_and_other_sessions ... ok

test result: ok. 8 passed; 0 failed; 0 ignored; 0 measured; 0 filtered out; finished in 5.94s

========= ERROR SUMMARY: 0 errors
RUN gpu_jacobi: initcheck
========= COMPUTE-SANITIZER

running 8 tests
test blocking_steps_match_reference ... ok
test every_validation_role_leaves_output_unchanged_and_session_usable ... ok
test nonfinite_policy_matches_oracle_and_stated_classification ... ok
test owned_async_returns_usable_buffers_on_another_thread ... ok
test owned_job_can_be_dropped_before_or_after_first_poll ... ok
test readback_retains_allocation_until_copy_completes ... ok
test unusual_finite_coefficients_match_oracle ... ok
test validation_rejects_equal_area_wrong_extents_and_other_sessions ... ok

test result: ok. 8 passed; 0 failed; 0 ignored; 0 measured; 0 filtered out; finished in 3.27s

========= ERROR SUMMARY: 0 errors
RUN gudra: memcheck
========= COMPUTE-SANITIZER

running 8 tests
test completion::tests::only_success_restores_readiness ... ok
test completion::tests::unwind_keeps_output_unavailable ... ok
test gpu::cutile_impl::verification::each_direction_reads_asymmetric_sentinels ... ok
test gpu::cutile_impl::verification::invalidated_field_is_rejected_by_every_public_data_path ... ok
test params::tests::coefficient_domain ... ok
test shape::tests::bounds_total_elements_and_each_grid_axis ... ok
test shape::tests::rectangular_geometry_and_ceil_grid ... ok
test shape::tests::rejects_zero_before_overflow ... ok

test result: ok. 8 passed; 0 failed; 0 ignored; 0 measured; 0 filtered out; finished in 1.40s

========= ERROR SUMMARY: 0 errors
RUN gudra: initcheck
========= COMPUTE-SANITIZER

running 8 tests
test completion::tests::only_success_restores_readiness ... ok
test completion::tests::unwind_keeps_output_unavailable ... ok
test gpu::cutile_impl::verification::each_direction_reads_asymmetric_sentinels ... ok
test gpu::cutile_impl::verification::invalidated_field_is_rejected_by_every_public_data_path ... ok
test params::tests::coefficient_domain ... ok
test shape::tests::bounds_total_elements_and_each_grid_axis ... ok
test shape::tests::rectangular_geometry_and_ceil_grid ... ok
test shape::tests::rejects_zero_before_overflow ... ok

test result: ok. 8 passed; 0 failed; 0 ignored; 0 measured; 0 filtered out; finished in 1.41s

========= ERROR SUMMARY: 0 errors
PASS: both GPU test executables passed memcheck and initcheck.
